Archive member included to satisfy reference by file (symbol)

c:/program files (x86)/atmel/studio/7.0/toolchain/avr8/avr8-gnu-toolchain/bin/../lib/gcc/avr/5.4.0/../../../../avr/lib/avr5\libm.a(divsf3.o)
                              ECUAL/htimer0/htimer0.o (__divsf3)
c:/program files (x86)/atmel/studio/7.0/toolchain/avr8/avr8-gnu-toolchain/bin/../lib/gcc/avr/5.4.0/../../../../avr/lib/avr5\libm.a(divsf3x.o)
                              c:/program files (x86)/atmel/studio/7.0/toolchain/avr8/avr8-gnu-toolchain/bin/../lib/gcc/avr/5.4.0/../../../../avr/lib/avr5\libm.a(divsf3.o) (__divsf3x)
c:/program files (x86)/atmel/studio/7.0/toolchain/avr8/avr8-gnu-toolchain/bin/../lib/gcc/avr/5.4.0/../../../../avr/lib/avr5\libm.a(fixunssfsi.o)
                              ECUAL/htimer0/htimer0.o (__fixunssfsi)
c:/program files (x86)/atmel/studio/7.0/toolchain/avr8/avr8-gnu-toolchain/bin/../lib/gcc/avr/5.4.0/../../../../avr/lib/avr5\libm.a(floatsisf.o)
                              ECUAL/htimer0/htimer0.o (__floatunsisf)
c:/program files (x86)/atmel/studio/7.0/toolchain/avr8/avr8-gnu-toolchain/bin/../lib/gcc/avr/5.4.0/../../../../avr/lib/avr5\libm.a(fp_inf.o)
                              c:/program files (x86)/atmel/studio/7.0/toolchain/avr8/avr8-gnu-toolchain/bin/../lib/gcc/avr/5.4.0/../../../../avr/lib/avr5\libm.a(divsf3x.o) (__fp_inf)
c:/program files (x86)/atmel/studio/7.0/toolchain/avr8/avr8-gnu-toolchain/bin/../lib/gcc/avr/5.4.0/../../../../avr/lib/avr5\libm.a(fp_nan.o)
                              c:/program files (x86)/atmel/studio/7.0/toolchain/avr8/avr8-gnu-toolchain/bin/../lib/gcc/avr/5.4.0/../../../../avr/lib/avr5\libm.a(divsf3x.o) (__fp_nan)
c:/program files (x86)/atmel/studio/7.0/toolchain/avr8/avr8-gnu-toolchain/bin/../lib/gcc/avr/5.4.0/../../../../avr/lib/avr5\libm.a(fp_pscA.o)
                              c:/program files (x86)/atmel/studio/7.0/toolchain/avr8/avr8-gnu-toolchain/bin/../lib/gcc/avr/5.4.0/../../../../avr/lib/avr5\libm.a(divsf3x.o) (__fp_pscA)
c:/program files (x86)/atmel/studio/7.0/toolchain/avr8/avr8-gnu-toolchain/bin/../lib/gcc/avr/5.4.0/../../../../avr/lib/avr5\libm.a(fp_pscB.o)
                              c:/program files (x86)/atmel/studio/7.0/toolchain/avr8/avr8-gnu-toolchain/bin/../lib/gcc/avr/5.4.0/../../../../avr/lib/avr5\libm.a(divsf3x.o) (__fp_pscB)
c:/program files (x86)/atmel/studio/7.0/toolchain/avr8/avr8-gnu-toolchain/bin/../lib/gcc/avr/5.4.0/../../../../avr/lib/avr5\libm.a(fp_round.o)
                              c:/program files (x86)/atmel/studio/7.0/toolchain/avr8/avr8-gnu-toolchain/bin/../lib/gcc/avr/5.4.0/../../../../avr/lib/avr5\libm.a(divsf3.o) (__fp_round)
c:/program files (x86)/atmel/studio/7.0/toolchain/avr8/avr8-gnu-toolchain/bin/../lib/gcc/avr/5.4.0/../../../../avr/lib/avr5\libm.a(fp_split3.o)
                              c:/program files (x86)/atmel/studio/7.0/toolchain/avr8/avr8-gnu-toolchain/bin/../lib/gcc/avr/5.4.0/../../../../avr/lib/avr5\libm.a(divsf3x.o) (__fp_split3)
c:/program files (x86)/atmel/studio/7.0/toolchain/avr8/avr8-gnu-toolchain/bin/../lib/gcc/avr/5.4.0/../../../../avr/lib/avr5\libm.a(fp_zero.o)
                              c:/program files (x86)/atmel/studio/7.0/toolchain/avr8/avr8-gnu-toolchain/bin/../lib/gcc/avr/5.4.0/../../../../avr/lib/avr5\libm.a(fixunssfsi.o) (__fp_zero)
c:/program files (x86)/atmel/studio/7.0/toolchain/avr8/avr8-gnu-toolchain/bin/../lib/gcc/avr/5.4.0/avr5\libgcc.a(_mulsi3.o)
                              ECUAL/htimer0/htimer0.o (__mulsi3)
c:/program files (x86)/atmel/studio/7.0/toolchain/avr8/avr8-gnu-toolchain/bin/../lib/gcc/avr/5.4.0/avr5\libgcc.a(_divmodhi4.o)
                              MCAL/pwm_normal_mode/pwm_normal.o (__divmodhi4)
c:/program files (x86)/atmel/studio/7.0/toolchain/avr8/avr8-gnu-toolchain/bin/../lib/gcc/avr/5.4.0/avr5\libgcc.a(_exit.o)
                              C:/Program Files (x86)/Atmel/Studio/7.0/Packs/atmel/ATmega_DFP/1.7.374/gcc/dev/atmega32a/avr5/crtatmega32a.o (exit)
c:/program files (x86)/atmel/studio/7.0/toolchain/avr8/avr8-gnu-toolchain/bin/../lib/gcc/avr/5.4.0/avr5\libgcc.a(_copy_data.o)
                              APP/app.o (__do_copy_data)
c:/program files (x86)/atmel/studio/7.0/toolchain/avr8/avr8-gnu-toolchain/bin/../lib/gcc/avr/5.4.0/avr5\libgcc.a(_clear_bss.o)
                              APP/app.o (__do_clear_bss)
c:/program files (x86)/atmel/studio/7.0/toolchain/avr8/avr8-gnu-toolchain/bin/../lib/gcc/avr/5.4.0/avr5\libgcc.a(_muluhisi3.o)
                              ECUAL/htimer0/htimer0.o (__muluhisi3)
c:/program files (x86)/atmel/studio/7.0/toolchain/avr8/avr8-gnu-toolchain/bin/../lib/gcc/avr/5.4.0/avr5\libgcc.a(_udivmodhi4.o)
                              c:/program files (x86)/atmel/studio/7.0/toolchain/avr8/avr8-gnu-toolchain/bin/../lib/gcc/avr/5.4.0/avr5\libgcc.a(_divmodhi4.o) (__udivmodhi4)
c:/program files (x86)/atmel/studio/7.0/toolchain/avr8/avr8-gnu-toolchain/bin/../lib/gcc/avr/5.4.0/avr5\libgcc.a(_umulhisi3.o)
                              c:/program files (x86)/atmel/studio/7.0/toolchain/avr8/avr8-gnu-toolchain/bin/../lib/gcc/avr/5.4.0/avr5\libgcc.a(_muluhisi3.o) (__umulhisi3)

Allocating common symbols
Common symbol       size              file

u8_g_state          0x1               APP/app.o

Discarded input sections

 .data          0x00000000        0x0 C:/Program Files (x86)/Atmel/Studio/7.0/Packs/atmel/ATmega_DFP/1.7.374/gcc/dev/atmega32a/avr5/crtatmega32a.o
 .bss           0x00000000        0x0 C:/Program Files (x86)/Atmel/Studio/7.0/Packs/atmel/ATmega_DFP/1.7.374/gcc/dev/atmega32a/avr5/crtatmega32a.o
 .group         0x00000000        0x8 APP/app.o
 .group         0x00000000        0x8 APP/app.o
 .group         0x00000000        0x8 APP/app.o
 .group         0x00000000        0x8 APP/app.o
 .group         0x00000000        0x8 APP/app.o
 .group         0x00000000        0x8 APP/app.o
 .group         0x00000000        0x8 APP/app.o
 .group         0x00000000        0x8 APP/app.o
 .group         0x00000000        0x8 APP/app.o
 .text          0x00000000        0x0 APP/app.o
 .data          0x00000000        0x0 APP/app.o
 .bss           0x00000000        0x0 APP/app.o
 .group         0x00000000        0x8 ECUAL/button/pb_prog.o
 .group         0x00000000        0x8 ECUAL/button/pb_prog.o
 .group         0x00000000        0x8 ECUAL/button/pb_prog.o
 .group         0x00000000        0x8 ECUAL/button/pb_prog.o
 .group         0x00000000        0x8 ECUAL/button/pb_prog.o
 .text          0x00000000        0x0 ECUAL/button/pb_prog.o
 .data          0x00000000        0x0 ECUAL/button/pb_prog.o
 .bss           0x00000000        0x0 ECUAL/button/pb_prog.o
 .text.PUSH_BTN_read_state
                0x00000000       0x76 ECUAL/button/pb_prog.o
 .debug_macro   0x00000000      0xa4e ECUAL/button/pb_prog.o
 .debug_macro   0x00000000       0x22 ECUAL/button/pb_prog.o
 .debug_macro   0x00000000       0x28 ECUAL/button/pb_prog.o
 .debug_macro   0x00000000       0x52 ECUAL/button/pb_prog.o
 .debug_macro   0x00000000       0x2e ECUAL/button/pb_prog.o
 .group         0x00000000        0x8 ECUAL/htimer0/htimer0.o
 .group         0x00000000        0x8 ECUAL/htimer0/htimer0.o
 .group         0x00000000        0x8 ECUAL/htimer0/htimer0.o
 .group         0x00000000        0x8 ECUAL/htimer0/htimer0.o
 .group         0x00000000        0x8 ECUAL/htimer0/htimer0.o
 .text          0x00000000        0x0 ECUAL/htimer0/htimer0.o
 .data          0x00000000        0x0 ECUAL/htimer0/htimer0.o
 .bss           0x00000000        0x0 ECUAL/htimer0/htimer0.o
 .text.TIM0_AsyncDelay
                0x00000000      0x138 ECUAL/htimer0/htimer0.o
 .text.ISR      0x00000000       0x34 ECUAL/htimer0/htimer0.o
 .bss.TIM0_OVFCallbackFn
                0x00000000        0x2 ECUAL/htimer0/htimer0.o
 .bss.u8_gs_TotalOVF
                0x00000000        0x1 ECUAL/htimer0/htimer0.o
 .bss.u8_gs_OVFCount
                0x00000000        0x1 ECUAL/htimer0/htimer0.o
 .debug_macro   0x00000000      0xa4e ECUAL/htimer0/htimer0.o
 .debug_macro   0x00000000       0x28 ECUAL/htimer0/htimer0.o
 .debug_macro   0x00000000       0x22 ECUAL/htimer0/htimer0.o
 .group         0x00000000        0x8 ECUAL/led/led_prog.o
 .group         0x00000000        0x8 ECUAL/led/led_prog.o
 .group         0x00000000        0x8 ECUAL/led/led_prog.o
 .group         0x00000000        0x8 ECUAL/led/led_prog.o
 .group         0x00000000        0x8 ECUAL/led/led_prog.o
 .text          0x00000000        0x0 ECUAL/led/led_prog.o
 .data          0x00000000        0x0 ECUAL/led/led_prog.o
 .bss           0x00000000        0x0 ECUAL/led/led_prog.o
 .text.LED_toggle
                0x00000000       0x44 ECUAL/led/led_prog.o
 .debug_macro   0x00000000      0xa4e ECUAL/led/led_prog.o
 .debug_macro   0x00000000       0x28 ECUAL/led/led_prog.o
 .debug_macro   0x00000000       0x22 ECUAL/led/led_prog.o
 .debug_macro   0x00000000       0x52 ECUAL/led/led_prog.o
 .debug_macro   0x00000000       0x2e ECUAL/led/led_prog.o
 .group         0x00000000        0x8 ECUAL/motor/motor.o
 .group         0x00000000        0x8 ECUAL/motor/motor.o
 .group         0x00000000        0x8 ECUAL/motor/motor.o
 .group         0x00000000        0x8 ECUAL/motor/motor.o
 .group         0x00000000        0x8 ECUAL/motor/motor.o
 .group         0x00000000        0x8 ECUAL/motor/motor.o
 .text          0x00000000        0x0 ECUAL/motor/motor.o
 .data          0x00000000        0x0 ECUAL/motor/motor.o
 .bss           0x00000000        0x0 ECUAL/motor/motor.o
 .debug_macro   0x00000000      0xa4e ECUAL/motor/motor.o
 .debug_macro   0x00000000       0x28 ECUAL/motor/motor.o
 .debug_macro   0x00000000       0x22 ECUAL/motor/motor.o
 .debug_macro   0x00000000       0x52 ECUAL/motor/motor.o
 .debug_macro   0x00000000       0x2e ECUAL/motor/motor.o
 .debug_macro   0x00000000       0x52 ECUAL/motor/motor.o
 .group         0x00000000        0x8 ECUAL/motor/motor_handler.o
 .group         0x00000000        0x8 ECUAL/motor/motor_handler.o
 .group         0x00000000        0x8 ECUAL/motor/motor_handler.o
 .group         0x00000000        0x8 ECUAL/motor/motor_handler.o
 .group         0x00000000        0x8 ECUAL/motor/motor_handler.o
 .group         0x00000000        0x8 ECUAL/motor/motor_handler.o
 .text          0x00000000        0x0 ECUAL/motor/motor_handler.o
 .data          0x00000000        0x0 ECUAL/motor/motor_handler.o
 .bss           0x00000000        0x0 ECUAL/motor/motor_handler.o
 .debug_info    0x00000000       0x76 ECUAL/motor/motor_handler.o
 .debug_abbrev  0x00000000       0x29 ECUAL/motor/motor_handler.o
 .debug_aranges
                0x00000000       0x18 ECUAL/motor/motor_handler.o
 .debug_macro   0x00000000       0x48 ECUAL/motor/motor_handler.o
 .debug_macro   0x00000000      0xa4e ECUAL/motor/motor_handler.o
 .debug_macro   0x00000000       0x28 ECUAL/motor/motor_handler.o
 .debug_macro   0x00000000       0x22 ECUAL/motor/motor_handler.o
 .debug_macro   0x00000000       0x52 ECUAL/motor/motor_handler.o
 .debug_macro   0x00000000       0x2e ECUAL/motor/motor_handler.o
 .debug_macro   0x00000000       0x52 ECUAL/motor/motor_handler.o
 .debug_line    0x00000000       0xe1 ECUAL/motor/motor_handler.o
 .debug_str     0x00000000     0x3084 ECUAL/motor/motor_handler.o
 .comment       0x00000000       0x31 ECUAL/motor/motor_handler.o
 .group         0x00000000        0x8 main.o
 .group         0x00000000        0x8 main.o
 .group         0x00000000        0x8 main.o
 .group         0x00000000        0x8 main.o
 .group         0x00000000        0x8 main.o
 .group         0x00000000        0x8 main.o
 .group         0x00000000        0x8 main.o
 .group         0x00000000        0x8 main.o
 .group         0x00000000        0x8 main.o
 .text          0x00000000        0x0 main.o
 .data          0x00000000        0x0 main.o
 .bss           0x00000000        0x0 main.o
 .debug_macro   0x00000000      0xa4e main.o
 .debug_macro   0x00000000       0x94 main.o
 .debug_macro   0x00000000       0x28 main.o
 .debug_macro   0x00000000       0x22 main.o
 .debug_macro   0x00000000       0x52 main.o
 .debug_macro   0x00000000       0x2e main.o
 .debug_macro   0x00000000       0x22 main.o
 .debug_macro   0x00000000       0x28 main.o
 .debug_macro   0x00000000       0x52 main.o
 .group         0x00000000        0x8 MCAL/dio/dio_prog.o
 .group         0x00000000        0x8 MCAL/dio/dio_prog.o
 .group         0x00000000        0x8 MCAL/dio/dio_prog.o
 .group         0x00000000        0x8 MCAL/dio/dio_prog.o
 .group         0x00000000        0x8 MCAL/dio/dio_prog.o
 .text          0x00000000        0x0 MCAL/dio/dio_prog.o
 .data          0x00000000        0x0 MCAL/dio/dio_prog.o
 .bss           0x00000000        0x0 MCAL/dio/dio_prog.o
 .text.GPIO_pin_get_direction_status
                0x00000000       0x4a MCAL/dio/dio_prog.o
 .text.GPIO_pin_read_logic
                0x00000000       0x4a MCAL/dio/dio_prog.o
 .text.GPIO_pin_toggle_logic
                0x00000000       0x52 MCAL/dio/dio_prog.o
 .text.GPIO_port_direction_intialize
                0x00000000       0x20 MCAL/dio/dio_prog.o
 .text.GPIO_port_get_direction_status
                0x00000000       0x2e MCAL/dio/dio_prog.o
 .text.GPIO_port_write_logic
                0x00000000       0x20 MCAL/dio/dio_prog.o
 .text.GPIO_port_read_logic
                0x00000000       0x2e MCAL/dio/dio_prog.o
 .text.GPIO_port_toggle_logic
                0x00000000       0x24 MCAL/dio/dio_prog.o
 .data.pin_registers
                0x00000000        0x8 MCAL/dio/dio_prog.o
 .debug_macro   0x00000000      0xa4e MCAL/dio/dio_prog.o
 .debug_macro   0x00000000       0x28 MCAL/dio/dio_prog.o
 .debug_macro   0x00000000       0x22 MCAL/dio/dio_prog.o
 .debug_macro   0x00000000       0x52 MCAL/dio/dio_prog.o
 .debug_macro   0x00000000       0x2e MCAL/dio/dio_prog.o
 .group         0x00000000        0x8 MCAL/extint/extinterrupt.o
 .group         0x00000000        0x8 MCAL/extint/extinterrupt.o
 .group         0x00000000        0x8 MCAL/extint/extinterrupt.o
 .group         0x00000000        0x8 MCAL/extint/extinterrupt.o
 .group         0x00000000        0x8 MCAL/extint/extinterrupt.o
 .text          0x00000000        0x0 MCAL/extint/extinterrupt.o
 .data          0x00000000        0x0 MCAL/extint/extinterrupt.o
 .bss           0x00000000        0x0 MCAL/extint/extinterrupt.o
 .debug_macro   0x00000000      0xa4e MCAL/extint/extinterrupt.o
 .debug_macro   0x00000000       0x94 MCAL/extint/extinterrupt.o
 .debug_macro   0x00000000       0x22 MCAL/extint/extinterrupt.o
 .debug_macro   0x00000000       0x28 MCAL/extint/extinterrupt.o
 .debug_macro   0x00000000       0x28 MCAL/extint/extinterrupt.o
 .group         0x00000000        0x8 MCAL/pwm_normal_mode/pwm_normal.o
 .group         0x00000000        0x8 MCAL/pwm_normal_mode/pwm_normal.o
 .group         0x00000000        0x8 MCAL/pwm_normal_mode/pwm_normal.o
 .group         0x00000000        0x8 MCAL/pwm_normal_mode/pwm_normal.o
 .group         0x00000000        0x8 MCAL/pwm_normal_mode/pwm_normal.o
 .group         0x00000000        0x8 MCAL/pwm_normal_mode/pwm_normal.o
 .group         0x00000000        0x8 MCAL/pwm_normal_mode/pwm_normal.o
 .text          0x00000000        0x0 MCAL/pwm_normal_mode/pwm_normal.o
 .data          0x00000000        0x0 MCAL/pwm_normal_mode/pwm_normal.o
 .bss           0x00000000        0x0 MCAL/pwm_normal_mode/pwm_normal.o
 .text.timer2_stop
                0x00000000        0x4 MCAL/pwm_normal_mode/pwm_normal.o
 .debug_macro   0x00000000      0xa4e MCAL/pwm_normal_mode/pwm_normal.o
 .debug_macro   0x00000000       0x94 MCAL/pwm_normal_mode/pwm_normal.o
 .debug_macro   0x00000000       0x28 MCAL/pwm_normal_mode/pwm_normal.o
 .debug_macro   0x00000000       0x22 MCAL/pwm_normal_mode/pwm_normal.o
 .debug_macro   0x00000000       0x52 MCAL/pwm_normal_mode/pwm_normal.o
 .debug_macro   0x00000000       0x2e MCAL/pwm_normal_mode/pwm_normal.o
 .debug_macro   0x00000000       0x22 MCAL/pwm_normal_mode/pwm_normal.o
 .group         0x00000000        0x8 MCAL/timer0/tim0_program.o
 .group         0x00000000        0x8 MCAL/timer0/tim0_program.o
 .group         0x00000000        0x8 MCAL/timer0/tim0_program.o
 .group         0x00000000        0x8 MCAL/timer0/tim0_program.o
 .group         0x00000000        0x8 MCAL/timer0/tim0_program.o
 .group         0x00000000        0x8 MCAL/timer0/tim0_program.o
 .group         0x00000000        0x8 MCAL/timer0/tim0_program.o
 .text          0x00000000        0x0 MCAL/timer0/tim0_program.o
 .data          0x00000000        0x0 MCAL/timer0/tim0_program.o
 .bss           0x00000000        0x0 MCAL/timer0/tim0_program.o
 .debug_macro   0x00000000      0xa4e MCAL/timer0/tim0_program.o
 .debug_macro   0x00000000       0x28 MCAL/timer0/tim0_program.o
 .debug_macro   0x00000000       0x22 MCAL/timer0/tim0_program.o
 .debug_macro   0x00000000       0x94 MCAL/timer0/tim0_program.o
 .debug_macro   0x00000000       0x16 MCAL/timer0/tim0_program.o
 .text          0x00000000        0x0 c:/program files (x86)/atmel/studio/7.0/toolchain/avr8/avr8-gnu-toolchain/bin/../lib/gcc/avr/5.4.0/../../../../avr/lib/avr5\libm.a(divsf3.o)
 .data          0x00000000        0x0 c:/program files (x86)/atmel/studio/7.0/toolchain/avr8/avr8-gnu-toolchain/bin/../lib/gcc/avr/5.4.0/../../../../avr/lib/avr5\libm.a(divsf3.o)
 .bss           0x00000000        0x0 c:/program files (x86)/atmel/studio/7.0/toolchain/avr8/avr8-gnu-toolchain/bin/../lib/gcc/avr/5.4.0/../../../../avr/lib/avr5\libm.a(divsf3.o)
 .text          0x00000000        0x0 c:/program files (x86)/atmel/studio/7.0/toolchain/avr8/avr8-gnu-toolchain/bin/../lib/gcc/avr/5.4.0/../../../../avr/lib/avr5\libm.a(divsf3x.o)
 .data          0x00000000        0x0 c:/program files (x86)/atmel/studio/7.0/toolchain/avr8/avr8-gnu-toolchain/bin/../lib/gcc/avr/5.4.0/../../../../avr/lib/avr5\libm.a(divsf3x.o)
 .bss           0x00000000        0x0 c:/program files (x86)/atmel/studio/7.0/toolchain/avr8/avr8-gnu-toolchain/bin/../lib/gcc/avr/5.4.0/../../../../avr/lib/avr5\libm.a(divsf3x.o)
 .text          0x00000000        0x0 c:/program files (x86)/atmel/studio/7.0/toolchain/avr8/avr8-gnu-toolchain/bin/../lib/gcc/avr/5.4.0/../../../../avr/lib/avr5\libm.a(fixunssfsi.o)
 .data          0x00000000        0x0 c:/program files (x86)/atmel/studio/7.0/toolchain/avr8/avr8-gnu-toolchain/bin/../lib/gcc/avr/5.4.0/../../../../avr/lib/avr5\libm.a(fixunssfsi.o)
 .bss           0x00000000        0x0 c:/program files (x86)/atmel/studio/7.0/toolchain/avr8/avr8-gnu-toolchain/bin/../lib/gcc/avr/5.4.0/../../../../avr/lib/avr5\libm.a(fixunssfsi.o)
 .text          0x00000000        0x0 c:/program files (x86)/atmel/studio/7.0/toolchain/avr8/avr8-gnu-toolchain/bin/../lib/gcc/avr/5.4.0/../../../../avr/lib/avr5\libm.a(floatsisf.o)
 .data          0x00000000        0x0 c:/program files (x86)/atmel/studio/7.0/toolchain/avr8/avr8-gnu-toolchain/bin/../lib/gcc/avr/5.4.0/../../../../avr/lib/avr5\libm.a(floatsisf.o)
 .bss           0x00000000        0x0 c:/program files (x86)/atmel/studio/7.0/toolchain/avr8/avr8-gnu-toolchain/bin/../lib/gcc/avr/5.4.0/../../../../avr/lib/avr5\libm.a(floatsisf.o)
 .text          0x00000000        0x0 c:/program files (x86)/atmel/studio/7.0/toolchain/avr8/avr8-gnu-toolchain/bin/../lib/gcc/avr/5.4.0/../../../../avr/lib/avr5\libm.a(fp_inf.o)
 .data          0x00000000        0x0 c:/program files (x86)/atmel/studio/7.0/toolchain/avr8/avr8-gnu-toolchain/bin/../lib/gcc/avr/5.4.0/../../../../avr/lib/avr5\libm.a(fp_inf.o)
 .bss           0x00000000        0x0 c:/program files (x86)/atmel/studio/7.0/toolchain/avr8/avr8-gnu-toolchain/bin/../lib/gcc/avr/5.4.0/../../../../avr/lib/avr5\libm.a(fp_inf.o)
 .text          0x00000000        0x0 c:/program files (x86)/atmel/studio/7.0/toolchain/avr8/avr8-gnu-toolchain/bin/../lib/gcc/avr/5.4.0/../../../../avr/lib/avr5\libm.a(fp_nan.o)
 .data          0x00000000        0x0 c:/program files (x86)/atmel/studio/7.0/toolchain/avr8/avr8-gnu-toolchain/bin/../lib/gcc/avr/5.4.0/../../../../avr/lib/avr5\libm.a(fp_nan.o)
 .bss           0x00000000        0x0 c:/program files (x86)/atmel/studio/7.0/toolchain/avr8/avr8-gnu-toolchain/bin/../lib/gcc/avr/5.4.0/../../../../avr/lib/avr5\libm.a(fp_nan.o)
 .text          0x00000000        0x0 c:/program files (x86)/atmel/studio/7.0/toolchain/avr8/avr8-gnu-toolchain/bin/../lib/gcc/avr/5.4.0/../../../../avr/lib/avr5\libm.a(fp_pscA.o)
 .data          0x00000000        0x0 c:/program files (x86)/atmel/studio/7.0/toolchain/avr8/avr8-gnu-toolchain/bin/../lib/gcc/avr/5.4.0/../../../../avr/lib/avr5\libm.a(fp_pscA.o)
 .bss           0x00000000        0x0 c:/program files (x86)/atmel/studio/7.0/toolchain/avr8/avr8-gnu-toolchain/bin/../lib/gcc/avr/5.4.0/../../../../avr/lib/avr5\libm.a(fp_pscA.o)
 .text          0x00000000        0x0 c:/program files (x86)/atmel/studio/7.0/toolchain/avr8/avr8-gnu-toolchain/bin/../lib/gcc/avr/5.4.0/../../../../avr/lib/avr5\libm.a(fp_pscB.o)
 .data          0x00000000        0x0 c:/program files (x86)/atmel/studio/7.0/toolchain/avr8/avr8-gnu-toolchain/bin/../lib/gcc/avr/5.4.0/../../../../avr/lib/avr5\libm.a(fp_pscB.o)
 .bss           0x00000000        0x0 c:/program files (x86)/atmel/studio/7.0/toolchain/avr8/avr8-gnu-toolchain/bin/../lib/gcc/avr/5.4.0/../../../../avr/lib/avr5\libm.a(fp_pscB.o)
 .text          0x00000000        0x0 c:/program files (x86)/atmel/studio/7.0/toolchain/avr8/avr8-gnu-toolchain/bin/../lib/gcc/avr/5.4.0/../../../../avr/lib/avr5\libm.a(fp_round.o)
 .data          0x00000000        0x0 c:/program files (x86)/atmel/studio/7.0/toolchain/avr8/avr8-gnu-toolchain/bin/../lib/gcc/avr/5.4.0/../../../../avr/lib/avr5\libm.a(fp_round.o)
 .bss           0x00000000        0x0 c:/program files (x86)/atmel/studio/7.0/toolchain/avr8/avr8-gnu-toolchain/bin/../lib/gcc/avr/5.4.0/../../../../avr/lib/avr5\libm.a(fp_round.o)
 .text          0x00000000        0x0 c:/program files (x86)/atmel/studio/7.0/toolchain/avr8/avr8-gnu-toolchain/bin/../lib/gcc/avr/5.4.0/../../../../avr/lib/avr5\libm.a(fp_split3.o)
 .data          0x00000000        0x0 c:/program files (x86)/atmel/studio/7.0/toolchain/avr8/avr8-gnu-toolchain/bin/../lib/gcc/avr/5.4.0/../../../../avr/lib/avr5\libm.a(fp_split3.o)
 .bss           0x00000000        0x0 c:/program files (x86)/atmel/studio/7.0/toolchain/avr8/avr8-gnu-toolchain/bin/../lib/gcc/avr/5.4.0/../../../../avr/lib/avr5\libm.a(fp_split3.o)
 .text          0x00000000        0x0 c:/program files (x86)/atmel/studio/7.0/toolchain/avr8/avr8-gnu-toolchain/bin/../lib/gcc/avr/5.4.0/../../../../avr/lib/avr5\libm.a(fp_zero.o)
 .data          0x00000000        0x0 c:/program files (x86)/atmel/studio/7.0/toolchain/avr8/avr8-gnu-toolchain/bin/../lib/gcc/avr/5.4.0/../../../../avr/lib/avr5\libm.a(fp_zero.o)
 .bss           0x00000000        0x0 c:/program files (x86)/atmel/studio/7.0/toolchain/avr8/avr8-gnu-toolchain/bin/../lib/gcc/avr/5.4.0/../../../../avr/lib/avr5\libm.a(fp_zero.o)
 .text          0x00000000        0x0 c:/program files (x86)/atmel/studio/7.0/toolchain/avr8/avr8-gnu-toolchain/bin/../lib/gcc/avr/5.4.0/avr5\libgcc.a(_mulsi3.o)
 .data          0x00000000        0x0 c:/program files (x86)/atmel/studio/7.0/toolchain/avr8/avr8-gnu-toolchain/bin/../lib/gcc/avr/5.4.0/avr5\libgcc.a(_mulsi3.o)
 .bss           0x00000000        0x0 c:/program files (x86)/atmel/studio/7.0/toolchain/avr8/avr8-gnu-toolchain/bin/../lib/gcc/avr/5.4.0/avr5\libgcc.a(_mulsi3.o)
 .text.libgcc.div
                0x00000000        0x0 c:/program files (x86)/atmel/studio/7.0/toolchain/avr8/avr8-gnu-toolchain/bin/../lib/gcc/avr/5.4.0/avr5\libgcc.a(_mulsi3.o)
 .text.libgcc   0x00000000        0x0 c:/program files (x86)/atmel/studio/7.0/toolchain/avr8/avr8-gnu-toolchain/bin/../lib/gcc/avr/5.4.0/avr5\libgcc.a(_mulsi3.o)
 .text.libgcc.prologue
                0x00000000        0x0 c:/program files (x86)/atmel/studio/7.0/toolchain/avr8/avr8-gnu-toolchain/bin/../lib/gcc/avr/5.4.0/avr5\libgcc.a(_mulsi3.o)
 .text.libgcc.builtins
                0x00000000        0x0 c:/program files (x86)/atmel/studio/7.0/toolchain/avr8/avr8-gnu-toolchain/bin/../lib/gcc/avr/5.4.0/avr5\libgcc.a(_mulsi3.o)
 .text.libgcc.fmul
                0x00000000        0x0 c:/program files (x86)/atmel/studio/7.0/toolchain/avr8/avr8-gnu-toolchain/bin/../lib/gcc/avr/5.4.0/avr5\libgcc.a(_mulsi3.o)
 .text.libgcc.fixed
                0x00000000        0x0 c:/program files (x86)/atmel/studio/7.0/toolchain/avr8/avr8-gnu-toolchain/bin/../lib/gcc/avr/5.4.0/avr5\libgcc.a(_mulsi3.o)
 .text          0x00000000        0x0 c:/program files (x86)/atmel/studio/7.0/toolchain/avr8/avr8-gnu-toolchain/bin/../lib/gcc/avr/5.4.0/avr5\libgcc.a(_divmodhi4.o)
 .data          0x00000000        0x0 c:/program files (x86)/atmel/studio/7.0/toolchain/avr8/avr8-gnu-toolchain/bin/../lib/gcc/avr/5.4.0/avr5\libgcc.a(_divmodhi4.o)
 .bss           0x00000000        0x0 c:/program files (x86)/atmel/studio/7.0/toolchain/avr8/avr8-gnu-toolchain/bin/../lib/gcc/avr/5.4.0/avr5\libgcc.a(_divmodhi4.o)
 .text.libgcc.mul
                0x00000000        0x0 c:/program files (x86)/atmel/studio/7.0/toolchain/avr8/avr8-gnu-toolchain/bin/../lib/gcc/avr/5.4.0/avr5\libgcc.a(_divmodhi4.o)
 .text.libgcc   0x00000000        0x0 c:/program files (x86)/atmel/studio/7.0/toolchain/avr8/avr8-gnu-toolchain/bin/../lib/gcc/avr/5.4.0/avr5\libgcc.a(_divmodhi4.o)
 .text.libgcc.prologue
                0x00000000        0x0 c:/program files (x86)/atmel/studio/7.0/toolchain/avr8/avr8-gnu-toolchain/bin/../lib/gcc/avr/5.4.0/avr5\libgcc.a(_divmodhi4.o)
 .text.libgcc.builtins
                0x00000000        0x0 c:/program files (x86)/atmel/studio/7.0/toolchain/avr8/avr8-gnu-toolchain/bin/../lib/gcc/avr/5.4.0/avr5\libgcc.a(_divmodhi4.o)
 .text.libgcc.fmul
                0x00000000        0x0 c:/program files (x86)/atmel/studio/7.0/toolchain/avr8/avr8-gnu-toolchain/bin/../lib/gcc/avr/5.4.0/avr5\libgcc.a(_divmodhi4.o)
 .text.libgcc.fixed
                0x00000000        0x0 c:/program files (x86)/atmel/studio/7.0/toolchain/avr8/avr8-gnu-toolchain/bin/../lib/gcc/avr/5.4.0/avr5\libgcc.a(_divmodhi4.o)
 .text          0x00000000        0x0 c:/program files (x86)/atmel/studio/7.0/toolchain/avr8/avr8-gnu-toolchain/bin/../lib/gcc/avr/5.4.0/avr5\libgcc.a(_exit.o)
 .data          0x00000000        0x0 c:/program files (x86)/atmel/studio/7.0/toolchain/avr8/avr8-gnu-toolchain/bin/../lib/gcc/avr/5.4.0/avr5\libgcc.a(_exit.o)
 .bss           0x00000000        0x0 c:/program files (x86)/atmel/studio/7.0/toolchain/avr8/avr8-gnu-toolchain/bin/../lib/gcc/avr/5.4.0/avr5\libgcc.a(_exit.o)
 .text.libgcc.mul
                0x00000000        0x0 c:/program files (x86)/atmel/studio/7.0/toolchain/avr8/avr8-gnu-toolchain/bin/../lib/gcc/avr/5.4.0/avr5\libgcc.a(_exit.o)
 .text.libgcc.div
                0x00000000        0x0 c:/program files (x86)/atmel/studio/7.0/toolchain/avr8/avr8-gnu-toolchain/bin/../lib/gcc/avr/5.4.0/avr5\libgcc.a(_exit.o)
 .text.libgcc   0x00000000        0x0 c:/program files (x86)/atmel/studio/7.0/toolchain/avr8/avr8-gnu-toolchain/bin/../lib/gcc/avr/5.4.0/avr5\libgcc.a(_exit.o)
 .text.libgcc.prologue
                0x00000000        0x0 c:/program files (x86)/atmel/studio/7.0/toolchain/avr8/avr8-gnu-toolchain/bin/../lib/gcc/avr/5.4.0/avr5\libgcc.a(_exit.o)
 .text.libgcc.builtins
                0x00000000        0x0 c:/program files (x86)/atmel/studio/7.0/toolchain/avr8/avr8-gnu-toolchain/bin/../lib/gcc/avr/5.4.0/avr5\libgcc.a(_exit.o)
 .text.libgcc.fmul
                0x00000000        0x0 c:/program files (x86)/atmel/studio/7.0/toolchain/avr8/avr8-gnu-toolchain/bin/../lib/gcc/avr/5.4.0/avr5\libgcc.a(_exit.o)
 .text.libgcc.fixed
                0x00000000        0x0 c:/program files (x86)/atmel/studio/7.0/toolchain/avr8/avr8-gnu-toolchain/bin/../lib/gcc/avr/5.4.0/avr5\libgcc.a(_exit.o)
 .text          0x00000000        0x0 c:/program files (x86)/atmel/studio/7.0/toolchain/avr8/avr8-gnu-toolchain/bin/../lib/gcc/avr/5.4.0/avr5\libgcc.a(_copy_data.o)
 .data          0x00000000        0x0 c:/program files (x86)/atmel/studio/7.0/toolchain/avr8/avr8-gnu-toolchain/bin/../lib/gcc/avr/5.4.0/avr5\libgcc.a(_copy_data.o)
 .bss           0x00000000        0x0 c:/program files (x86)/atmel/studio/7.0/toolchain/avr8/avr8-gnu-toolchain/bin/../lib/gcc/avr/5.4.0/avr5\libgcc.a(_copy_data.o)
 .text.libgcc.mul
                0x00000000        0x0 c:/program files (x86)/atmel/studio/7.0/toolchain/avr8/avr8-gnu-toolchain/bin/../lib/gcc/avr/5.4.0/avr5\libgcc.a(_copy_data.o)
 .text.libgcc.div
                0x00000000        0x0 c:/program files (x86)/atmel/studio/7.0/toolchain/avr8/avr8-gnu-toolchain/bin/../lib/gcc/avr/5.4.0/avr5\libgcc.a(_copy_data.o)
 .text.libgcc   0x00000000        0x0 c:/program files (x86)/atmel/studio/7.0/toolchain/avr8/avr8-gnu-toolchain/bin/../lib/gcc/avr/5.4.0/avr5\libgcc.a(_copy_data.o)
 .text.libgcc.prologue
                0x00000000        0x0 c:/program files (x86)/atmel/studio/7.0/toolchain/avr8/avr8-gnu-toolchain/bin/../lib/gcc/avr/5.4.0/avr5\libgcc.a(_copy_data.o)
 .text.libgcc.builtins
                0x00000000        0x0 c:/program files (x86)/atmel/studio/7.0/toolchain/avr8/avr8-gnu-toolchain/bin/../lib/gcc/avr/5.4.0/avr5\libgcc.a(_copy_data.o)
 .text.libgcc.fmul
                0x00000000        0x0 c:/program files (x86)/atmel/studio/7.0/toolchain/avr8/avr8-gnu-toolchain/bin/../lib/gcc/avr/5.4.0/avr5\libgcc.a(_copy_data.o)
 .text.libgcc.fixed
                0x00000000        0x0 c:/program files (x86)/atmel/studio/7.0/toolchain/avr8/avr8-gnu-toolchain/bin/../lib/gcc/avr/5.4.0/avr5\libgcc.a(_copy_data.o)
 .text          0x00000000        0x0 c:/program files (x86)/atmel/studio/7.0/toolchain/avr8/avr8-gnu-toolchain/bin/../lib/gcc/avr/5.4.0/avr5\libgcc.a(_clear_bss.o)
 .data          0x00000000        0x0 c:/program files (x86)/atmel/studio/7.0/toolchain/avr8/avr8-gnu-toolchain/bin/../lib/gcc/avr/5.4.0/avr5\libgcc.a(_clear_bss.o)
 .bss           0x00000000        0x0 c:/program files (x86)/atmel/studio/7.0/toolchain/avr8/avr8-gnu-toolchain/bin/../lib/gcc/avr/5.4.0/avr5\libgcc.a(_clear_bss.o)
 .text.libgcc.mul
                0x00000000        0x0 c:/program files (x86)/atmel/studio/7.0/toolchain/avr8/avr8-gnu-toolchain/bin/../lib/gcc/avr/5.4.0/avr5\libgcc.a(_clear_bss.o)
 .text.libgcc.div
                0x00000000        0x0 c:/program files (x86)/atmel/studio/7.0/toolchain/avr8/avr8-gnu-toolchain/bin/../lib/gcc/avr/5.4.0/avr5\libgcc.a(_clear_bss.o)
 .text.libgcc   0x00000000        0x0 c:/program files (x86)/atmel/studio/7.0/toolchain/avr8/avr8-gnu-toolchain/bin/../lib/gcc/avr/5.4.0/avr5\libgcc.a(_clear_bss.o)
 .text.libgcc.prologue
                0x00000000        0x0 c:/program files (x86)/atmel/studio/7.0/toolchain/avr8/avr8-gnu-toolchain/bin/../lib/gcc/avr/5.4.0/avr5\libgcc.a(_clear_bss.o)
 .text.libgcc.builtins
                0x00000000        0x0 c:/program files (x86)/atmel/studio/7.0/toolchain/avr8/avr8-gnu-toolchain/bin/../lib/gcc/avr/5.4.0/avr5\libgcc.a(_clear_bss.o)
 .text.libgcc.fmul
                0x00000000        0x0 c:/program files (x86)/atmel/studio/7.0/toolchain/avr8/avr8-gnu-toolchain/bin/../lib/gcc/avr/5.4.0/avr5\libgcc.a(_clear_bss.o)
 .text.libgcc.fixed
                0x00000000        0x0 c:/program files (x86)/atmel/studio/7.0/toolchain/avr8/avr8-gnu-toolchain/bin/../lib/gcc/avr/5.4.0/avr5\libgcc.a(_clear_bss.o)
 .text          0x00000000        0x0 c:/program files (x86)/atmel/studio/7.0/toolchain/avr8/avr8-gnu-toolchain/bin/../lib/gcc/avr/5.4.0/avr5\libgcc.a(_muluhisi3.o)
 .data          0x00000000        0x0 c:/program files (x86)/atmel/studio/7.0/toolchain/avr8/avr8-gnu-toolchain/bin/../lib/gcc/avr/5.4.0/avr5\libgcc.a(_muluhisi3.o)
 .bss           0x00000000        0x0 c:/program files (x86)/atmel/studio/7.0/toolchain/avr8/avr8-gnu-toolchain/bin/../lib/gcc/avr/5.4.0/avr5\libgcc.a(_muluhisi3.o)
 .text.libgcc.div
                0x00000000        0x0 c:/program files (x86)/atmel/studio/7.0/toolchain/avr8/avr8-gnu-toolchain/bin/../lib/gcc/avr/5.4.0/avr5\libgcc.a(_muluhisi3.o)
 .text.libgcc   0x00000000        0x0 c:/program files (x86)/atmel/studio/7.0/toolchain/avr8/avr8-gnu-toolchain/bin/../lib/gcc/avr/5.4.0/avr5\libgcc.a(_muluhisi3.o)
 .text.libgcc.prologue
                0x00000000        0x0 c:/program files (x86)/atmel/studio/7.0/toolchain/avr8/avr8-gnu-toolchain/bin/../lib/gcc/avr/5.4.0/avr5\libgcc.a(_muluhisi3.o)
 .text.libgcc.builtins
                0x00000000        0x0 c:/program files (x86)/atmel/studio/7.0/toolchain/avr8/avr8-gnu-toolchain/bin/../lib/gcc/avr/5.4.0/avr5\libgcc.a(_muluhisi3.o)
 .text.libgcc.fmul
                0x00000000        0x0 c:/program files (x86)/atmel/studio/7.0/toolchain/avr8/avr8-gnu-toolchain/bin/../lib/gcc/avr/5.4.0/avr5\libgcc.a(_muluhisi3.o)
 .text.libgcc.fixed
                0x00000000        0x0 c:/program files (x86)/atmel/studio/7.0/toolchain/avr8/avr8-gnu-toolchain/bin/../lib/gcc/avr/5.4.0/avr5\libgcc.a(_muluhisi3.o)
 .text          0x00000000        0x0 c:/program files (x86)/atmel/studio/7.0/toolchain/avr8/avr8-gnu-toolchain/bin/../lib/gcc/avr/5.4.0/avr5\libgcc.a(_udivmodhi4.o)
 .data          0x00000000        0x0 c:/program files (x86)/atmel/studio/7.0/toolchain/avr8/avr8-gnu-toolchain/bin/../lib/gcc/avr/5.4.0/avr5\libgcc.a(_udivmodhi4.o)
 .bss           0x00000000        0x0 c:/program files (x86)/atmel/studio/7.0/toolchain/avr8/avr8-gnu-toolchain/bin/../lib/gcc/avr/5.4.0/avr5\libgcc.a(_udivmodhi4.o)
 .text.libgcc.mul
                0x00000000        0x0 c:/program files (x86)/atmel/studio/7.0/toolchain/avr8/avr8-gnu-toolchain/bin/../lib/gcc/avr/5.4.0/avr5\libgcc.a(_udivmodhi4.o)
 .text.libgcc   0x00000000        0x0 c:/program files (x86)/atmel/studio/7.0/toolchain/avr8/avr8-gnu-toolchain/bin/../lib/gcc/avr/5.4.0/avr5\libgcc.a(_udivmodhi4.o)
 .text.libgcc.prologue
                0x00000000        0x0 c:/program files (x86)/atmel/studio/7.0/toolchain/avr8/avr8-gnu-toolchain/bin/../lib/gcc/avr/5.4.0/avr5\libgcc.a(_udivmodhi4.o)
 .text.libgcc.builtins
                0x00000000        0x0 c:/program files (x86)/atmel/studio/7.0/toolchain/avr8/avr8-gnu-toolchain/bin/../lib/gcc/avr/5.4.0/avr5\libgcc.a(_udivmodhi4.o)
 .text.libgcc.fmul
                0x00000000        0x0 c:/program files (x86)/atmel/studio/7.0/toolchain/avr8/avr8-gnu-toolchain/bin/../lib/gcc/avr/5.4.0/avr5\libgcc.a(_udivmodhi4.o)
 .text.libgcc.fixed
                0x00000000        0x0 c:/program files (x86)/atmel/studio/7.0/toolchain/avr8/avr8-gnu-toolchain/bin/../lib/gcc/avr/5.4.0/avr5\libgcc.a(_udivmodhi4.o)
 .text          0x00000000        0x0 c:/program files (x86)/atmel/studio/7.0/toolchain/avr8/avr8-gnu-toolchain/bin/../lib/gcc/avr/5.4.0/avr5\libgcc.a(_umulhisi3.o)
 .data          0x00000000        0x0 c:/program files (x86)/atmel/studio/7.0/toolchain/avr8/avr8-gnu-toolchain/bin/../lib/gcc/avr/5.4.0/avr5\libgcc.a(_umulhisi3.o)
 .bss           0x00000000        0x0 c:/program files (x86)/atmel/studio/7.0/toolchain/avr8/avr8-gnu-toolchain/bin/../lib/gcc/avr/5.4.0/avr5\libgcc.a(_umulhisi3.o)
 .text.libgcc.div
                0x00000000        0x0 c:/program files (x86)/atmel/studio/7.0/toolchain/avr8/avr8-gnu-toolchain/bin/../lib/gcc/avr/5.4.0/avr5\libgcc.a(_umulhisi3.o)
 .text.libgcc   0x00000000        0x0 c:/program files (x86)/atmel/studio/7.0/toolchain/avr8/avr8-gnu-toolchain/bin/../lib/gcc/avr/5.4.0/avr5\libgcc.a(_umulhisi3.o)
 .text.libgcc.prologue
                0x00000000        0x0 c:/program files (x86)/atmel/studio/7.0/toolchain/avr8/avr8-gnu-toolchain/bin/../lib/gcc/avr/5.4.0/avr5\libgcc.a(_umulhisi3.o)
 .text.libgcc.builtins
                0x00000000        0x0 c:/program files (x86)/atmel/studio/7.0/toolchain/avr8/avr8-gnu-toolchain/bin/../lib/gcc/avr/5.4.0/avr5\libgcc.a(_umulhisi3.o)
 .text.libgcc.fmul
                0x00000000        0x0 c:/program files (x86)/atmel/studio/7.0/toolchain/avr8/avr8-gnu-toolchain/bin/../lib/gcc/avr/5.4.0/avr5\libgcc.a(_umulhisi3.o)
 .text.libgcc.fixed
                0x00000000        0x0 c:/program files (x86)/atmel/studio/7.0/toolchain/avr8/avr8-gnu-toolchain/bin/../lib/gcc/avr/5.4.0/avr5\libgcc.a(_umulhisi3.o)

Memory Configuration

Name             Origin             Length             Attributes
text             0x00000000         0x00008000         xr
data             0x00800060         0x00000800         rw !x
eeprom           0x00810000         0x00000400         rw !x
fuse             0x00820000         0x00000002         rw !x
lock             0x00830000         0x00000400         rw !x
signature        0x00840000         0x00000400         rw !x
user_signatures  0x00850000         0x00000400         rw !x
*default*        0x00000000         0xffffffff

Linker script and memory map

LOAD C:/Program Files (x86)/Atmel/Studio/7.0/Packs/atmel/ATmega_DFP/1.7.374/gcc/dev/atmega32a/avr5/crtatmega32a.o
LOAD APP/app.o
LOAD ECUAL/button/pb_prog.o
LOAD ECUAL/htimer0/htimer0.o
LOAD ECUAL/led/led_prog.o
LOAD ECUAL/motor/motor.o
LOAD ECUAL/motor/motor_handler.o
LOAD main.o
LOAD MCAL/dio/dio_prog.o
LOAD MCAL/extint/extinterrupt.o
LOAD MCAL/pwm_normal_mode/pwm_normal.o
LOAD MCAL/timer0/tim0_program.o
START GROUP
LOAD c:/program files (x86)/atmel/studio/7.0/toolchain/avr8/avr8-gnu-toolchain/bin/../lib/gcc/avr/5.4.0/../../../../avr/lib/avr5\libm.a
END GROUP
START GROUP
LOAD c:/program files (x86)/atmel/studio/7.0/toolchain/avr8/avr8-gnu-toolchain/bin/../lib/gcc/avr/5.4.0/avr5\libgcc.a
LOAD c:/program files (x86)/atmel/studio/7.0/toolchain/avr8/avr8-gnu-toolchain/bin/../lib/gcc/avr/5.4.0/../../../../avr/lib/avr5\libm.a
LOAD c:/program files (x86)/atmel/studio/7.0/toolchain/avr8/avr8-gnu-toolchain/bin/../lib/gcc/avr/5.4.0/../../../../avr/lib/avr5\libc.a
LOAD C:/Program Files (x86)/Atmel/Studio/7.0/Packs/atmel/ATmega_DFP/1.7.374/gcc/dev/atmega32a/avr5\libatmega32a.a
END GROUP
                [0x00000000]                __TEXT_REGION_ORIGIN__ = DEFINED (__TEXT_REGION_ORIGIN__)?__TEXT_REGION_ORIGIN__:0x0
                [0x00800060]                __DATA_REGION_ORIGIN__ = DEFINED (__DATA_REGION_ORIGIN__)?__DATA_REGION_ORIGIN__:0x800060
                [0x00008000]                __TEXT_REGION_LENGTH__ = DEFINED (__TEXT_REGION_LENGTH__)?__TEXT_REGION_LENGTH__:0x20000
                [0x00000800]                __DATA_REGION_LENGTH__ = DEFINED (__DATA_REGION_LENGTH__)?__DATA_REGION_LENGTH__:0xffa0
                [0x00000400]                __EEPROM_REGION_LENGTH__ = DEFINED (__EEPROM_REGION_LENGTH__)?__EEPROM_REGION_LENGTH__:0x10000
                [0x00000002]                __FUSE_REGION_LENGTH__ = DEFINED (__FUSE_REGION_LENGTH__)?__FUSE_REGION_LENGTH__:0x400
                0x00000400                __LOCK_REGION_LENGTH__ = DEFINED (__LOCK_REGION_LENGTH__)?__LOCK_REGION_LENGTH__:0x400
                0x00000400                __SIGNATURE_REGION_LENGTH__ = DEFINED (__SIGNATURE_REGION_LENGTH__)?__SIGNATURE_REGION_LENGTH__:0x400
                0x00000400                __USER_SIGNATURE_REGION_LENGTH__ = DEFINED (__USER_SIGNATURE_REGION_LENGTH__)?__USER_SIGNATURE_REGION_LENGTH__:0x400

.hash
 *(.hash)

.dynsym
 *(.dynsym)

.dynstr
 *(.dynstr)

.gnu.version
 *(.gnu.version)

.gnu.version_d
 *(.gnu.version_d)

.gnu.version_r
 *(.gnu.version_r)

.rel.init
 *(.rel.init)

.rela.init
 *(.rela.init)

.rel.text
 *(.rel.text)
 *(.rel.text.*)
 *(.rel.gnu.linkonce.t*)

.rela.text
 *(.rela.text)
 *(.rela.text.*)
 *(.rela.gnu.linkonce.t*)

.rel.fini
 *(.rel.fini)

.rela.fini
 *(.rela.fini)

.rel.rodata
 *(.rel.rodata)
 *(.rel.rodata.*)
 *(.rel.gnu.linkonce.r*)

.rela.rodata
 *(.rela.rodata)
 *(.rela.rodata.*)
 *(.rela.gnu.linkonce.r*)

.rel.data
 *(.rel.data)
 *(.rel.data.*)
 *(.rel.gnu.linkonce.d*)

.rela.data
 *(.rela.data)
 *(.rela.data.*)
 *(.rela.gnu.linkonce.d*)

.rel.ctors
 *(.rel.ctors)

.rela.ctors
 *(.rela.ctors)

.rel.dtors
 *(.rel.dtors)

.rela.dtors
 *(.rela.dtors)

.rel.got
 *(.rel.got)

.rela.got
 *(.rela.got)

.rel.bss
 *(.rel.bss)

.rela.bss
 *(.rela.bss)

.rel.plt
 *(.rel.plt)

.rela.plt
 *(.rela.plt)

.text           0x00000000      0xc74
 *(.vectors)
 .vectors       0x00000000       0x54 C:/Program Files (x86)/Atmel/Studio/7.0/Packs/atmel/ATmega_DFP/1.7.374/gcc/dev/atmega32a/avr5/crtatmega32a.o
                0x00000000                __vector_default
                0x00000000                __vectors
 *(.vectors)
 *(.progmem.gcc*)
                0x00000054                . = ALIGN (0x2)
                0x00000054                __trampolines_start = .
 *(.trampolines)
 .trampolines   0x00000054        0x0 linker stubs
 *(.trampolines*)
                0x00000054                __trampolines_end = .
 *libprintf_flt.a:*(.progmem.data)
 *libc.a:*(.progmem.data)
 *(.progmem*)
                0x00000054                . = ALIGN (0x2)
 *(.jumptables)
 *(.jumptables*)
 *(.lowtext)
 *(.lowtext*)
                0x00000054                __ctors_start = .
 *(.ctors)
                0x00000054                __ctors_end = .
                0x00000054                __dtors_start = .
 *(.dtors)
                0x00000054                __dtors_end = .
 SORT(*)(.ctors)
 SORT(*)(.dtors)
 *(.init0)
 .init0         0x00000054        0x0 C:/Program Files (x86)/Atmel/Studio/7.0/Packs/atmel/ATmega_DFP/1.7.374/gcc/dev/atmega32a/avr5/crtatmega32a.o
                0x00000054                __init
 *(.init0)
 *(.init1)
 *(.init1)
 *(.init2)
 .init2         0x00000054        0xc C:/Program Files (x86)/Atmel/Studio/7.0/Packs/atmel/ATmega_DFP/1.7.374/gcc/dev/atmega32a/avr5/crtatmega32a.o
 *(.init2)
 *(.init3)
 *(.init3)
 *(.init4)
 .init4         0x00000060       0x16 c:/program files (x86)/atmel/studio/7.0/toolchain/avr8/avr8-gnu-toolchain/bin/../lib/gcc/avr/5.4.0/avr5\libgcc.a(_copy_data.o)
                0x00000060                __do_copy_data
 .init4         0x00000076       0x10 c:/program files (x86)/atmel/studio/7.0/toolchain/avr8/avr8-gnu-toolchain/bin/../lib/gcc/avr/5.4.0/avr5\libgcc.a(_clear_bss.o)
                0x00000076                __do_clear_bss
 *(.init4)
 *(.init5)
 *(.init5)
 *(.init6)
 *(.init6)
 *(.init7)
 *(.init7)
 *(.init8)
 *(.init8)
 *(.init9)
 .init9         0x00000086        0x4 C:/Program Files (x86)/Atmel/Studio/7.0/Packs/atmel/ATmega_DFP/1.7.374/gcc/dev/atmega32a/avr5/crtatmega32a.o
 *(.init9)
 *(.text)
 .text          0x0000008a        0x2 C:/Program Files (x86)/Atmel/Studio/7.0/Packs/atmel/ATmega_DFP/1.7.374/gcc/dev/atmega32a/avr5/crtatmega32a.o
                0x0000008a                __vector_12
                0x0000008a                __bad_interrupt
                0x0000008a                __vector_6
                0x0000008a                __vector_11
                0x0000008a                __vector_13
                0x0000008a                __vector_17
                0x0000008a                __vector_19
                0x0000008a                __vector_7
                0x0000008a                __vector_4
                0x0000008a                __vector_9
                0x0000008a                __vector_15
                0x0000008a                __vector_8
                0x0000008a                __vector_14
                0x0000008a                __vector_10
                0x0000008a                __vector_16
                0x0000008a                __vector_18
                0x0000008a                __vector_20
                0x0000008c                . = ALIGN (0x2)
 *(.text.*)
 .text.btn0_callback
                0x0000008c        0x8 APP/app.o
                0x0000008c                btn0_callback
 .text.btn1_callback
                0x00000094        0x8 APP/app.o
                0x00000094                btn1_callback
 .text.APP_Stop
                0x0000009c       0x14 APP/app.o
 .text.initMain
                0x000000b0       0x50 APP/app.o
                0x000000b0                initMain
 .text.appMain  0x00000100      0x10a APP/app.o
                0x00000100                appMain
 .text.PUSH_BTN_intialize
                0x0000020a        0xc ECUAL/button/pb_prog.o
                0x0000020a                PUSH_BTN_intialize
 .text.TIM0_SyncDelay
                0x00000216       0xfe ECUAL/htimer0/htimer0.o
                0x00000216                TIM0_SyncDelay
 .text.TIM0_AsyncEndDelay
                0x00000314        0x4 ECUAL/htimer0/htimer0.o
                0x00000314                TIM0_AsyncEndDelay
 .text.LED_initialize
                0x00000318       0x42 ECUAL/led/led_prog.o
                0x00000318                LED_initialize
 .text.LED_turn_on
                0x0000035a       0x44 ECUAL/led/led_prog.o
                0x0000035a                LED_turn_on
 .text.LED_turn_off
                0x0000039e       0x44 ECUAL/led/led_prog.o
                0x0000039e                LED_turn_off
 .text.DCM_Init
                0x000003e2       0x22 ECUAL/motor/motor.o
                0x000003e2                DCM_Init
 .text.DCM_Start
                0x00000404       0x48 ECUAL/motor/motor.o
                0x00000404                DCM_Start
 .text.DCM_Stop
                0x0000044c       0x26 ECUAL/motor/motor.o
                0x0000044c                DCM_Stop
 .text.main     0x00000472        0x6 main.o
                0x00000472                main
 .text.GPIO_pin_direction_intialize
                0x00000478       0x8a MCAL/dio/dio_prog.o
                0x00000478                GPIO_pin_direction_intialize
 .text.GPIO_pin_write_logic
                0x00000502       0x84 MCAL/dio/dio_prog.o
                0x00000502                GPIO_pin_write_logic
 .text.GPIO_pin_intialize
                0x00000586       0x22 MCAL/dio/dio_prog.o
                0x00000586                GPIO_pin_intialize
 .text.SET_GLOBAL_INTERRUPT
                0x000005a8       0x20 MCAL/extint/extinterrupt.o
                0x000005a8                SET_GLOBAL_INTERRUPT
 .text.EXTINT_init
                0x000005c8      0x104 MCAL/extint/extinterrupt.o
                0x000005c8                EXTINT_init
 .text.EXTINT_CallBack
                0x000006cc       0x32 MCAL/extint/extinterrupt.o
                0x000006cc                EXTINT_CallBack
 .text.__vector_1
                0x000006fe       0x52 MCAL/extint/extinterrupt.o
                0x000006fe                __vector_1
 .text.__vector_2
                0x00000750       0x52 MCAL/extint/extinterrupt.o
                0x00000750                __vector_2
 .text.__vector_3
                0x000007a2       0x52 MCAL/extint/extinterrupt.o
                0x000007a2                __vector_3
 .text.timer2_init
                0x000007f4       0x10 MCAL/pwm_normal_mode/pwm_normal.o
                0x000007f4                timer2_init
 .text.timer2_start
                0x00000804        0x8 MCAL/pwm_normal_mode/pwm_normal.o
                0x00000804                timer2_start
 .text.timer2_set_pwm_normal
                0x0000080c       0x28 MCAL/pwm_normal_mode/pwm_normal.o
                0x0000080c                timer2_set_pwm_normal
 .text.__vector_5
                0x00000834       0xbc MCAL/pwm_normal_mode/pwm_normal.o
                0x00000834                __vector_5
 .text.TIM0_voidInit
                0x000008f0       0x32 MCAL/timer0/tim0_program.o
                0x000008f0                TIM0_voidInit
 .text.TIM0_Start
                0x00000922       0x1c MCAL/timer0/tim0_program.o
                0x00000922                TIM0_Start
 .text.TIM0_Stop
                0x0000093e       0x10 MCAL/timer0/tim0_program.o
                0x0000093e                TIM0_Stop
 .text.TIM0_SetValue
                0x0000094e        0x4 MCAL/timer0/tim0_program.o
                0x0000094e                TIM0_SetValue
 .text.TIM0_GetOVF
                0x00000952       0x14 MCAL/timer0/tim0_program.o
                0x00000952                TIM0_GetOVF
 .text.TIM0_ClearOVF
                0x00000966        0x8 MCAL/timer0/tim0_program.o
                0x00000966                TIM0_ClearOVF
 .text.TIM0_GetState
                0x0000096e       0x20 MCAL/timer0/tim0_program.o
                0x0000096e                TIM0_GetState
 .text.avr-libc.fplib
                0x0000098e        0x4 c:/program files (x86)/atmel/studio/7.0/toolchain/avr8/avr8-gnu-toolchain/bin/../lib/gcc/avr/5.4.0/../../../../avr/lib/avr5\libm.a(divsf3.o)
                0x0000098e                __divsf3
 .text.avr-libc.fplib
                0x00000992       0xcc c:/program files (x86)/atmel/studio/7.0/toolchain/avr8/avr8-gnu-toolchain/bin/../lib/gcc/avr/5.4.0/../../../../avr/lib/avr5\libm.a(divsf3x.o)
                0x000009a8                __divsf3x
                0x000009ac                __divsf3_pse
 .text.avr-libc.fplib
                0x00000a5e       0x58 c:/program files (x86)/atmel/studio/7.0/toolchain/avr8/avr8-gnu-toolchain/bin/../lib/gcc/avr/5.4.0/../../../../avr/lib/avr5\libm.a(fixunssfsi.o)
                0x00000a5e                __fixunssfsi
 .text.avr-libc.fplib
                0x00000ab6       0x7a c:/program files (x86)/atmel/studio/7.0/toolchain/avr8/avr8-gnu-toolchain/bin/../lib/gcc/avr/5.4.0/../../../../avr/lib/avr5\libm.a(floatsisf.o)
                0x00000ab6                __floatunsisf
                0x00000aba                __floatsisf
 .text.avr-libc.fplib
                0x00000b30        0xc c:/program files (x86)/atmel/studio/7.0/toolchain/avr8/avr8-gnu-toolchain/bin/../lib/gcc/avr/5.4.0/../../../../avr/lib/avr5\libm.a(fp_inf.o)
                0x00000b30                __fp_inf
 .text.avr-libc.fplib
                0x00000b3c        0x6 c:/program files (x86)/atmel/studio/7.0/toolchain/avr8/avr8-gnu-toolchain/bin/../lib/gcc/avr/5.4.0/../../../../avr/lib/avr5\libm.a(fp_nan.o)
                0x00000b3c                __fp_nan
 .text.avr-libc.fplib
                0x00000b42        0xe c:/program files (x86)/atmel/studio/7.0/toolchain/avr8/avr8-gnu-toolchain/bin/../lib/gcc/avr/5.4.0/../../../../avr/lib/avr5\libm.a(fp_pscA.o)
                0x00000b42                __fp_pscA
 .text.avr-libc.fplib
                0x00000b50        0xe c:/program files (x86)/atmel/studio/7.0/toolchain/avr8/avr8-gnu-toolchain/bin/../lib/gcc/avr/5.4.0/../../../../avr/lib/avr5\libm.a(fp_pscB.o)
                0x00000b50                __fp_pscB
 .text.avr-libc.fplib
                0x00000b5e       0x22 c:/program files (x86)/atmel/studio/7.0/toolchain/avr8/avr8-gnu-toolchain/bin/../lib/gcc/avr/5.4.0/../../../../avr/lib/avr5\libm.a(fp_round.o)
                0x00000b5e                __fp_round
 .text.avr-libc.fplib
                0x00000b80       0x44 c:/program files (x86)/atmel/studio/7.0/toolchain/avr8/avr8-gnu-toolchain/bin/../lib/gcc/avr/5.4.0/../../../../avr/lib/avr5\libm.a(fp_split3.o)
                0x00000b80                __fp_split3
                0x00000b90                __fp_splitA
 .text.avr-libc.fplib
                0x00000bc4        0xe c:/program files (x86)/atmel/studio/7.0/toolchain/avr8/avr8-gnu-toolchain/bin/../lib/gcc/avr/5.4.0/../../../../avr/lib/avr5\libm.a(fp_zero.o)
                0x00000bc4                __fp_zero
                0x00000bc6                __fp_szero
 .text.libgcc.mul
                0x00000bd2       0x1e c:/program files (x86)/atmel/studio/7.0/toolchain/avr8/avr8-gnu-toolchain/bin/../lib/gcc/avr/5.4.0/avr5\libgcc.a(_mulsi3.o)
                0x00000bd2                __mulsi3
 .text.libgcc.div
                0x00000bf0       0x26 c:/program files (x86)/atmel/studio/7.0/toolchain/avr8/avr8-gnu-toolchain/bin/../lib/gcc/avr/5.4.0/avr5\libgcc.a(_divmodhi4.o)
                0x00000bf0                _div
                0x00000bf0                __divmodhi4
 .text.libgcc.mul
                0x00000c16       0x14 c:/program files (x86)/atmel/studio/7.0/toolchain/avr8/avr8-gnu-toolchain/bin/../lib/gcc/avr/5.4.0/avr5\libgcc.a(_muluhisi3.o)
                0x00000c16                __muluhisi3
 .text.libgcc.div
                0x00000c2a       0x28 c:/program files (x86)/atmel/studio/7.0/toolchain/avr8/avr8-gnu-toolchain/bin/../lib/gcc/avr/5.4.0/avr5\libgcc.a(_udivmodhi4.o)
                0x00000c2a                __udivmodhi4
 .text.libgcc.mul
                0x00000c52       0x1e c:/program files (x86)/atmel/studio/7.0/toolchain/avr8/avr8-gnu-toolchain/bin/../lib/gcc/avr/5.4.0/avr5\libgcc.a(_umulhisi3.o)
                0x00000c52                __umulhisi3
                0x00000c70                . = ALIGN (0x2)
 *(.fini9)
 .fini9         0x00000c70        0x0 c:/program files (x86)/atmel/studio/7.0/toolchain/avr8/avr8-gnu-toolchain/bin/../lib/gcc/avr/5.4.0/avr5\libgcc.a(_exit.o)
                0x00000c70                _exit
                0x00000c70                exit
 *(.fini9)
 *(.fini8)
 *(.fini8)
 *(.fini7)
 *(.fini7)
 *(.fini6)
 *(.fini6)
 *(.fini5)
 *(.fini5)
 *(.fini4)
 *(.fini4)
 *(.fini3)
 *(.fini3)
 *(.fini2)
 *(.fini2)
 *(.fini1)
 *(.fini1)
 *(.fini0)
 .fini0         0x00000c70        0x4 c:/program files (x86)/atmel/studio/7.0/toolchain/avr8/avr8-gnu-toolchain/bin/../lib/gcc/avr/5.4.0/avr5\libgcc.a(_exit.o)
 *(.fini0)
                0x00000c74                _etext = .

.data           0x00800060       0x36 load address 0x00000c74
                0x00800060                PROVIDE (__data_start, .)
 *(.data)
 *(.data*)
 .data.u8_gs_NextSide
                0x00800060        0x1 APP/app.o
 .data.stopBtn  0x00800061        0x3 ECUAL/button/pb_prog.o
                0x00800061                stopBtn
 .data.startBtn
                0x00800064        0x3 ECUAL/button/pb_prog.o
                0x00800064                startBtn
 .data.stop     0x00800067        0x1 ECUAL/led/led_prog.o
                0x00800067                stop
 .data.rotate   0x00800068        0x1 ECUAL/led/led_prog.o
                0x00800068                rotate
 .data.shortSide
                0x00800069        0x1 ECUAL/led/led_prog.o
                0x00800069                shortSide
 .data.longSide
                0x0080006a        0x1 ECUAL/led/led_prog.o
                0x0080006a                longSide
 .data.st_g_Motor3
                0x0080006b        0x5 ECUAL/motor/motor.o
                0x0080006b                st_g_Motor3
 .data.st_g_Motor1
                0x00800070        0x5 ECUAL/motor/motor.o
                0x00800070                st_g_Motor1
 .data.st_g_Motor3Pin2
                0x00800075        0x1 ECUAL/motor/motor.o
                0x00800075                st_g_Motor3Pin2
 .data.st_g_Motor3Pin1
                0x00800076        0x1 ECUAL/motor/motor.o
                0x00800076                st_g_Motor3Pin1
 .data.st_g_Motor1Pin2
                0x00800077        0x1 ECUAL/motor/motor.o
                0x00800077                st_g_Motor1Pin2
 .data.st_g_Motor1Pin1
                0x00800078        0x1 ECUAL/motor/motor.o
                0x00800078                st_g_Motor1Pin1
 .data.port_registers
                0x00800079        0x8 MCAL/dio/dio_prog.o
                0x00800079                port_registers
 .data.ddr_registers
                0x00800081        0x8 MCAL/dio/dio_prog.o
                0x00800081                ddr_registers
 .data.pwm_right_pin
                0x00800089        0x1 MCAL/pwm_normal_mode/pwm_normal.o
                0x00800089                pwm_right_pin
 .data.pwm_left_pin
                0x0080008a        0x1 MCAL/pwm_normal_mode/pwm_normal.o
                0x0080008a                pwm_left_pin
 *(.gnu.linkonce.d*)
 *(.rodata)
 *(.rodata*)
 .rodata.arr_gs_prescalers
                0x0080008b        0xa ECUAL/htimer0/htimer0.o
 *(.gnu.linkonce.r*)
                0x00800096                . = ALIGN (0x2)
 *fill*         0x00800095        0x1 
                0x00800096                _edata = .
                0x00800096                PROVIDE (__data_end, .)

.bss            0x00800096        0xc
                0x00800096                PROVIDE (__bss_start, .)
 *(.bss)
 *(.bss*)
 .bss.ptrINT2   0x00800096        0x2 MCAL/extint/extinterrupt.o
                0x00800096                ptrINT2
 .bss.ptrINT1   0x00800098        0x2 MCAL/extint/extinterrupt.o
                0x00800098                ptrINT1
 .bss.ptrINT0   0x0080009a        0x2 MCAL/extint/extinterrupt.o
                0x0080009a                ptrINT0
 .bss.comp_VAL  0x0080009c        0x1 MCAL/pwm_normal_mode/pwm_normal.o
                0x0080009c                comp_VAL
 .bss.FLAG_OVF  0x0080009d        0x4 MCAL/pwm_normal_mode/pwm_normal.o
                0x0080009d                FLAG_OVF
 *(COMMON)
 COMMON         0x008000a1        0x1 APP/app.o
                0x008000a1                u8_g_state
                0x008000a2                PROVIDE (__bss_end, .)
                0x00000c74                __data_load_start = LOADADDR (.data)
                0x00000caa                __data_load_end = (__data_load_start + SIZEOF (.data))

.noinit         0x008000a2        0x0
                [!provide]                PROVIDE (__noinit_start, .)
 *(.noinit*)
                [!provide]                PROVIDE (__noinit_end, .)
                0x008000a2                _end = .
                [!provide]                PROVIDE (__heap_start, .)

.eeprom         0x00810000        0x0
 *(.eeprom*)
                0x00810000                __eeprom_end = .

.fuse
 *(.fuse)
 *(.lfuse)
 *(.hfuse)
 *(.efuse)

.lock
 *(.lock*)

.signature
 *(.signature*)

.user_signatures
 *(.user_signatures*)

.stab
 *(.stab)

.stabstr
 *(.stabstr)

.stab.excl
 *(.stab.excl)

.stab.exclstr
 *(.stab.exclstr)

.stab.index
 *(.stab.index)

.stab.indexstr
 *(.stab.indexstr)

.comment        0x00000000       0x30
 *(.comment)
 .comment       0x00000000       0x30 APP/app.o
                                 0x31 (size before relaxing)
 .comment       0x00000030       0x31 ECUAL/button/pb_prog.o
 .comment       0x00000030       0x31 ECUAL/htimer0/htimer0.o
 .comment       0x00000030       0x31 ECUAL/led/led_prog.o
 .comment       0x00000030       0x31 ECUAL/motor/motor.o
 .comment       0x00000030       0x31 main.o
 .comment       0x00000030       0x31 MCAL/dio/dio_prog.o
 .comment       0x00000030       0x31 MCAL/extint/extinterrupt.o
 .comment       0x00000030       0x31 MCAL/pwm_normal_mode/pwm_normal.o
 .comment       0x00000030       0x31 MCAL/timer0/tim0_program.o

.note.gnu.avr.deviceinfo
                0x00000000       0x3c
 .note.gnu.avr.deviceinfo
                0x00000000       0x3c C:/Program Files (x86)/Atmel/Studio/7.0/Packs/atmel/ATmega_DFP/1.7.374/gcc/dev/atmega32a/avr5/crtatmega32a.o

.note.gnu.build-id
 *(.note.gnu.build-id)

.debug
 *(.debug)

.line
 *(.line)

.debug_srcinfo
 *(.debug_srcinfo)

.debug_sfnames
 *(.debug_sfnames)

.debug_aranges  0x00000000      0x270
 *(.debug_aranges)
 .debug_aranges
                0x00000000       0x40 APP/app.o
 .debug_aranges
                0x00000040       0x28 ECUAL/button/pb_prog.o
 .debug_aranges
                0x00000068       0x38 ECUAL/htimer0/htimer0.o
 .debug_aranges
                0x000000a0       0x38 ECUAL/led/led_prog.o
 .debug_aranges
                0x000000d8       0x30 ECUAL/motor/motor.o
 .debug_aranges
                0x00000108       0x20 main.o
 .debug_aranges
                0x00000128       0x70 MCAL/dio/dio_prog.o
 .debug_aranges
                0x00000198       0x48 MCAL/extint/extinterrupt.o
 .debug_aranges
                0x000001e0       0x40 MCAL/pwm_normal_mode/pwm_normal.o
 .debug_aranges
                0x00000220       0x50 MCAL/timer0/tim0_program.o

.debug_pubnames
 *(.debug_pubnames)

.debug_info     0x00000000     0x2a46
 *(.debug_info .gnu.linkonce.wi.*)
 .debug_info    0x00000000      0x4e6 C:/Program Files (x86)/Atmel/Studio/7.0/Packs/atmel/ATmega_DFP/1.7.374/gcc/dev/atmega32a/avr5/crtatmega32a.o
 .debug_info    0x000004e6      0x76e APP/app.o
 .debug_info    0x00000c54      0x33b ECUAL/button/pb_prog.o
 .debug_info    0x00000f8f      0x4a3 ECUAL/htimer0/htimer0.o
 .debug_info    0x00001432      0x421 ECUAL/led/led_prog.o
 .debug_info    0x00001853      0x397 ECUAL/motor/motor.o
 .debug_info    0x00001bea       0xce main.o
 .debug_info    0x00001cb8      0x526 MCAL/dio/dio_prog.o
 .debug_info    0x000021de      0x2c5 MCAL/extint/extinterrupt.o
 .debug_info    0x000024a3      0x321 MCAL/pwm_normal_mode/pwm_normal.o
 .debug_info    0x000027c4      0x282 MCAL/timer0/tim0_program.o

.debug_abbrev   0x00000000     0x1013
 *(.debug_abbrev)
 .debug_abbrev  0x00000000      0x4a3 C:/Program Files (x86)/Atmel/Studio/7.0/Packs/atmel/ATmega_DFP/1.7.374/gcc/dev/atmega32a/avr5/crtatmega32a.o
 .debug_abbrev  0x000004a3      0x19f APP/app.o
 .debug_abbrev  0x00000642      0x161 ECUAL/button/pb_prog.o
 .debug_abbrev  0x000007a3      0x157 ECUAL/htimer0/htimer0.o
 .debug_abbrev  0x000008fa      0x127 ECUAL/led/led_prog.o
 .debug_abbrev  0x00000a21      0x12f ECUAL/motor/motor.o
 .debug_abbrev  0x00000b50       0x6b main.o
 .debug_abbrev  0x00000bbb      0x14e MCAL/dio/dio_prog.o
 .debug_abbrev  0x00000d09      0x109 MCAL/extint/extinterrupt.o
 .debug_abbrev  0x00000e12      0x113 MCAL/pwm_normal_mode/pwm_normal.o
 .debug_abbrev  0x00000f25       0xee MCAL/timer0/tim0_program.o

.debug_line     0x00000000     0x1cda
 *(.debug_line .debug_line.* .debug_line_end)
 .debug_line    0x00000000      0x116 C:/Program Files (x86)/Atmel/Studio/7.0/Packs/atmel/ATmega_DFP/1.7.374/gcc/dev/atmega32a/avr5/crtatmega32a.o
 .debug_line    0x00000116      0x524 APP/app.o
 .debug_line    0x0000063a      0x1bb ECUAL/button/pb_prog.o
 .debug_line    0x000007f5      0x2d1 ECUAL/htimer0/htimer0.o
 .debug_line    0x00000ac6      0x218 ECUAL/led/led_prog.o
 .debug_line    0x00000cde      0x1c5 ECUAL/motor/motor.o
 .debug_line    0x00000ea3      0x3b8 main.o
 .debug_line    0x0000125b      0x379 MCAL/dio/dio_prog.o
 .debug_line    0x000015d4      0x2f8 MCAL/extint/extinterrupt.o
 .debug_line    0x000018cc      0x211 MCAL/pwm_normal_mode/pwm_normal.o
 .debug_line    0x00001add      0x1fd MCAL/timer0/tim0_program.o

.debug_frame    0x00000000      0x5f8
 *(.debug_frame)
 .debug_frame   0x00000000       0x64 APP/app.o
 .debug_frame   0x00000064       0x58 ECUAL/button/pb_prog.o
 .debug_frame   0x000000bc       0xbc ECUAL/htimer0/htimer0.o
 .debug_frame   0x00000178       0x94 ECUAL/led/led_prog.o
 .debug_frame   0x0000020c       0x68 ECUAL/motor/motor.o
 .debug_frame   0x00000274       0x24 main.o
 .debug_frame   0x00000298       0xd0 MCAL/dio/dio_prog.o
 .debug_frame   0x00000368      0x158 MCAL/extint/extinterrupt.o
 .debug_frame   0x000004c0       0xb4 MCAL/pwm_normal_mode/pwm_normal.o
 .debug_frame   0x00000574       0x84 MCAL/timer0/tim0_program.o

.debug_str      0x00000000     0x44ab
 *(.debug_str)
 .debug_str     0x00000000      0x196 C:/Program Files (x86)/Atmel/Studio/7.0/Packs/atmel/ATmega_DFP/1.7.374/gcc/dev/atmega32a/avr5/crtatmega32a.o
 .debug_str     0x00000196     0x37e0 APP/app.o
                               0x3891 (size before relaxing)
 .debug_str     0x00003976      0x168 ECUAL/button/pb_prog.o
                               0x31ea (size before relaxing)
 .debug_str     0x00003ade      0x39a ECUAL/htimer0/htimer0.o
                               0x30f5 (size before relaxing)
 .debug_str     0x00003e78       0x77 ECUAL/led/led_prog.o
                               0x317b (size before relaxing)
 .debug_str     0x00003eef       0x88 ECUAL/motor/motor.o
                               0x3291 (size before relaxing)
 .debug_str     0x00003f77       0x11 main.o
                               0x3509 (size before relaxing)
 .debug_str     0x00003f88      0x131 MCAL/dio/dio_prog.o
                               0x31b7 (size before relaxing)
 .debug_str     0x000040b9       0xa0 MCAL/extint/extinterrupt.o
                               0x31c8 (size before relaxing)
 .debug_str     0x00004159       0x6a MCAL/pwm_normal_mode/pwm_normal.o
                               0x3466 (size before relaxing)
 .debug_str     0x000041c3      0x2e8 MCAL/timer0/tim0_program.o
                               0x33c9 (size before relaxing)

.debug_loc      0x00000000     0x176c
 *(.debug_loc)
 .debug_loc     0x00000000      0x1d7 ECUAL/button/pb_prog.o
 .debug_loc     0x000001d7      0x3ff ECUAL/htimer0/htimer0.o
 .debug_loc     0x000005d6      0x348 ECUAL/led/led_prog.o
 .debug_loc     0x0000091e      0x17d ECUAL/motor/motor.o
 .debug_loc     0x00000a9b      0x6c0 MCAL/dio/dio_prog.o
 .debug_loc     0x0000115b      0x38e MCAL/extint/extinterrupt.o
 .debug_loc     0x000014e9      0x116 MCAL/pwm_normal_mode/pwm_normal.o
 .debug_loc     0x000015ff      0x16d MCAL/timer0/tim0_program.o

.debug_macinfo
 *(.debug_macinfo)

.debug_weaknames
 *(.debug_weaknames)

.debug_funcnames
 *(.debug_funcnames)

.debug_typenames
 *(.debug_typenames)

.debug_varnames
 *(.debug_varnames)

.debug_pubtypes
 *(.debug_pubtypes)

.debug_ranges   0x00000000      0x1d0
 *(.debug_ranges)
 .debug_ranges  0x00000000       0x30 APP/app.o
 .debug_ranges  0x00000030       0x18 ECUAL/button/pb_prog.o
 .debug_ranges  0x00000048       0x28 ECUAL/htimer0/htimer0.o
 .debug_ranges  0x00000070       0x28 ECUAL/led/led_prog.o
 .debug_ranges  0x00000098       0x20 ECUAL/motor/motor.o
 .debug_ranges  0x000000b8       0x10 main.o
 .debug_ranges  0x000000c8       0x60 MCAL/dio/dio_prog.o
 .debug_ranges  0x00000128       0x38 MCAL/extint/extinterrupt.o
 .debug_ranges  0x00000160       0x30 MCAL/pwm_normal_mode/pwm_normal.o
 .debug_ranges  0x00000190       0x40 MCAL/timer0/tim0_program.o

.debug_macro    0x00000000     0x1133
 *(.debug_macro)
 .debug_macro   0x00000000       0xcf APP/app.o
 .debug_macro   0x000000cf      0xa4e APP/app.o
 .debug_macro   0x00000b1d       0x94 APP/app.o
 .debug_macro   0x00000bb1       0x28 APP/app.o
 .debug_macro   0x00000bd9       0x22 APP/app.o
 .debug_macro   0x00000bfb       0x52 APP/app.o
 .debug_macro   0x00000c4d       0x2e APP/app.o
 .debug_macro   0x00000c7b       0x22 APP/app.o
 .debug_macro   0x00000c9d       0x28 APP/app.o
 .debug_macro   0x00000cc5       0x52 APP/app.o
 .debug_macro   0x00000d17       0x57 ECUAL/button/pb_prog.o
 .debug_macro   0x00000d6e       0x3f ECUAL/htimer0/htimer0.o
 .debug_macro   0x00000dad       0x16 ECUAL/htimer0/htimer0.o
 .debug_macro   0x00000dc3       0x34 ECUAL/htimer0/htimer0.o
 .debug_macro   0x00000df7       0x57 ECUAL/led/led_prog.o
 .debug_macro   0x00000e4e       0x4c ECUAL/motor/motor.o
 .debug_macro   0x00000e9a       0xcf main.o
 .debug_macro   0x00000f69       0x3f MCAL/dio/dio_prog.o
 .debug_macro   0x00000fa8       0x3f MCAL/extint/extinterrupt.o
 .debug_macro   0x00000fe7       0x5b MCAL/pwm_normal_mode/pwm_normal.o
 .debug_macro   0x00001042       0x47 MCAL/timer0/tim0_program.o
 .debug_macro   0x00001089       0x7c MCAL/timer0/tim0_program.o
 .debug_macro   0x00001105       0x2e MCAL/timer0/tim0_program.o
OUTPUT(Car_Project.elf elf32-avr)
LOAD linker stubs
